11831 [main] DEBUG o.apache.ibatis.logging.LogFactory - Logging initialized using 'class org.apache.ibatis.logging.slf4j.Slf4jImpl' adapter.
11942 [main] DEBUG org.apache.ibatis.io.ResolverUtil - Class not found: org.jboss.vfs.VFS
11942 [main] DEBUG org.apache.ibatis.io.ResolverUtil - JBoss 6 VFS API is not available in this environment.
11943 [main] DEBUG org.apache.ibatis.io.ResolverUtil - Class not found: org.jboss.vfs.VirtualFile
11943 [main] DEBUG org.apache.ibatis.io.ResolverUtil - VFS implementation org.apache.ibatis.io.JBoss6VFS is not valid in this environment.
11945 [main] DEBUG org.apache.ibatis.io.ResolverUtil - Using VFS adapter org.apache.ibatis.io.DefaultVFS
11945 [main] DEBUG org.apache.ibatis.io.ResolverUtil - Find JAR URL: file:/Users/wangdaniel/workspace4improve/seckill-github/seckill/target/classes/org/seckill/entity
11945 [main] DEBUG org.apache.ibatis.io.ResolverUtil - Not a JAR: file:/Users/wangdaniel/workspace4improve/seckill-github/seckill/target/classes/org/seckill/entity
12080 [main] DEBUG org.apache.ibatis.io.ResolverUtil - Reader entry: Seckill.class
12081 [main] DEBUG org.apache.ibatis.io.ResolverUtil - Reader entry: SuccessKilled.class
12081 [main] DEBUG org.apache.ibatis.io.ResolverUtil - Listing file:/Users/wangdaniel/workspace4improve/seckill-github/seckill/target/classes/org/seckill/entity
12081 [main] DEBUG org.apache.ibatis.io.ResolverUtil - Find JAR URL: file:/Users/wangdaniel/workspace4improve/seckill-github/seckill/target/classes/org/seckill/entity/Seckill.class
12081 [main] DEBUG org.apache.ibatis.io.ResolverUtil - Not a JAR: file:/Users/wangdaniel/workspace4improve/seckill-github/seckill/target/classes/org/seckill/entity/Seckill.class
12082 [main] DEBUG org.apache.ibatis.io.ResolverUtil - Reader entry: ����   3 [
12083 [main] DEBUG org.apache.ibatis.io.ResolverUtil - Find JAR URL: file:/Users/wangdaniel/workspace4improve/seckill-github/seckill/target/classes/org/seckill/entity/SuccessKilled.class
12083 [main] DEBUG org.apache.ibatis.io.ResolverUtil - Not a JAR: file:/Users/wangdaniel/workspace4improve/seckill-github/seckill/target/classes/org/seckill/entity/SuccessKilled.class
12084 [main] DEBUG org.apache.ibatis.io.ResolverUtil - Reader entry: ����   3 S
12085 [main] DEBUG org.apache.ibatis.io.ResolverUtil - Checking to see if class org.seckill.entity.Seckill matches criteria [is assignable to Object]
12086 [main] DEBUG org.apache.ibatis.io.ResolverUtil - Checking to see if class org.seckill.entity.SuccessKilled matches criteria [is assignable to Object]
12087 [main] DEBUG o.m.spring.SqlSessionFactoryBean - Scanned package: 'org.seckill.entity' for aliases
12141 [main] DEBUG o.m.spring.SqlSessionFactoryBean - Parsed configuration file: 'class path resource [mybatis-config.xml]'
12246 [main] DEBUG o.m.spring.SqlSessionFactoryBean - Parsed mapper file: 'file [/Users/wangdaniel/workspace4improve/seckill-github/seckill/target/classes/mapper/seckillDao.xml]'
12282 [main] DEBUG o.m.spring.SqlSessionFactoryBean - Parsed mapper file: 'file [/Users/wangdaniel/workspace4improve/seckill-github/seckill/target/classes/mapper/SuccessKilledDao.xml]'
12454 [main] INFO  o.s.service.impl.SeckillServiceImpl - sec kill list start
12473 [main] DEBUG org.mybatis.spring.SqlSessionUtils - Creating a new SqlSession
12481 [main] DEBUG org.mybatis.spring.SqlSessionUtils - SqlSession [org.apache.ibatis.session.defaults.DefaultSqlSession@a307a8c] was not registered for synchronization because synchronization is not active
13325 [main] DEBUG o.m.s.t.SpringManagedTransaction - JDBC Connection [com.mchange.v2.c3p0.impl.NewProxyConnection@f99f5e0] will not be managed by Spring
13335 [main] DEBUG org.seckill.dao.SeckillDao.queryAll - ==>  Preparing: select seckill_id, `name`, `number`, create_time, start_time, end_time from seckill order by create_time desc limit ?, ? 
13389 [main] DEBUG org.seckill.dao.SeckillDao.queryAll - ==> Parameters: 0(Integer), 4(Integer)
13418 [main] DEBUG org.seckill.dao.SeckillDao.queryAll - <==      Total: 4
13430 [main] DEBUG org.mybatis.spring.SqlSessionUtils - Closing non transactional SqlSession [org.apache.ibatis.session.defaults.DefaultSqlSession@a307a8c]
13431 [main] INFO  o.s.service.impl.SeckillServiceImpl - sec kill list end: 
13435 [main] INFO  o.s.test.service.SeckillServiceTest - list = [SecKill [seckillId=1000, name=1000元秒杀iphone6, number=98, startTime=Thu Jan 12 00:00:00 CST 2017, endTime=Thu Aug 10 00:00:00 CST 2017, createTime=Mon Jun 06 20:51:15 CST 2016], SecKill [seckillId=1001, name=1000元秒杀ipad2, number=199, startTime=Thu Jan 12 00:00:00 CST 2017, endTime=Thu Aug 10 00:00:00 CST 2017, createTime=Mon Jun 06 20:51:15 CST 2016], SecKill [seckillId=1002, name=1000元秒杀note4, number=149, startTime=Thu Jan 12 00:00:00 CST 2017, endTime=Thu Aug 10 00:00:00 CST 2017, createTime=Mon Jun 06 20:51:15 CST 2016], SecKill [seckillId=1003, name=1000元秒杀macpro, number=100, startTime=Thu Jan 12 00:00:00 CST 2017, endTime=Tue Jan 03 00:00:00 CST 2017, createTime=Mon Jun 06 20:51:15 CST 2016]]
5471 [main] DEBUG o.apache.ibatis.logging.LogFactory - Logging initialized using 'class org.apache.ibatis.logging.slf4j.Slf4jImpl' adapter.
5752 [main] DEBUG org.apache.ibatis.io.ResolverUtil - Class not found: org.jboss.vfs.VFS
5752 [main] DEBUG org.apache.ibatis.io.ResolverUtil - JBoss 6 VFS API is not available in this environment.
5753 [main] DEBUG org.apache.ibatis.io.ResolverUtil - Class not found: org.jboss.vfs.VirtualFile
5754 [main] DEBUG org.apache.ibatis.io.ResolverUtil - VFS implementation org.apache.ibatis.io.JBoss6VFS is not valid in this environment.
5755 [main] DEBUG org.apache.ibatis.io.ResolverUtil - Using VFS adapter org.apache.ibatis.io.DefaultVFS
5755 [main] DEBUG org.apache.ibatis.io.ResolverUtil - Find JAR URL: file:/Users/wangdaniel/workspace4improve/seckill-github/seckill/target/classes/org/seckill/entity
5756 [main] DEBUG org.apache.ibatis.io.ResolverUtil - Not a JAR: file:/Users/wangdaniel/workspace4improve/seckill-github/seckill/target/classes/org/seckill/entity
5838 [main] DEBUG org.apache.ibatis.io.ResolverUtil - Reader entry: Seckill.class
5838 [main] DEBUG org.apache.ibatis.io.ResolverUtil - Reader entry: SuccessKilled.class
5839 [main] DEBUG org.apache.ibatis.io.ResolverUtil - Listing file:/Users/wangdaniel/workspace4improve/seckill-github/seckill/target/classes/org/seckill/entity
5839 [main] DEBUG org.apache.ibatis.io.ResolverUtil - Find JAR URL: file:/Users/wangdaniel/workspace4improve/seckill-github/seckill/target/classes/org/seckill/entity/Seckill.class
5839 [main] DEBUG org.apache.ibatis.io.ResolverUtil - Not a JAR: file:/Users/wangdaniel/workspace4improve/seckill-github/seckill/target/classes/org/seckill/entity/Seckill.class
5842 [main] DEBUG org.apache.ibatis.io.ResolverUtil - Reader entry: ����   3 [
5843 [main] DEBUG org.apache.ibatis.io.ResolverUtil - Find JAR URL: file:/Users/wangdaniel/workspace4improve/seckill-github/seckill/target/classes/org/seckill/entity/SuccessKilled.class
5843 [main] DEBUG org.apache.ibatis.io.ResolverUtil - Not a JAR: file:/Users/wangdaniel/workspace4improve/seckill-github/seckill/target/classes/org/seckill/entity/SuccessKilled.class
5846 [main] DEBUG org.apache.ibatis.io.ResolverUtil - Reader entry: ����   3 S
5846 [main] DEBUG org.apache.ibatis.io.ResolverUtil - Checking to see if class org.seckill.entity.Seckill matches criteria [is assignable to Object]
5847 [main] DEBUG org.apache.ibatis.io.ResolverUtil - Checking to see if class org.seckill.entity.SuccessKilled matches criteria [is assignable to Object]
5848 [main] DEBUG o.m.spring.SqlSessionFactoryBean - Scanned package: 'org.seckill.entity' for aliases
6052 [main] DEBUG o.m.spring.SqlSessionFactoryBean - Parsed configuration file: 'class path resource [mybatis-config.xml]'
6234 [main] DEBUG o.m.spring.SqlSessionFactoryBean - Parsed mapper file: 'file [/Users/wangdaniel/workspace4improve/seckill-github/seckill/target/classes/mapper/seckillDao.xml]'
6251 [main] DEBUG o.m.spring.SqlSessionFactoryBean - Parsed mapper file: 'file [/Users/wangdaniel/workspace4improve/seckill-github/seckill/target/classes/mapper/SuccessKilledDao.xml]'
6336 [main] DEBUG org.mybatis.spring.SqlSessionUtils - Creating a new SqlSession
6349 [main] DEBUG org.mybatis.spring.SqlSessionUtils - SqlSession [org.apache.ibatis.session.defaults.DefaultSqlSession@1a5b6f42] was not registered for synchronization because synchronization is not active
7238 [main] DEBUG o.m.s.t.SpringManagedTransaction - JDBC Connection [com.mchange.v2.c3p0.impl.NewProxyConnection@3cfdd820] will not be managed by Spring
7247 [main] DEBUG o.seckill.dao.SeckillDao.queryById - ==>  Preparing: select seckill_id, `name`, `number`, create_time, start_time, end_time from seckill where seckill_id = ? 
7318 [main] DEBUG o.seckill.dao.SeckillDao.queryById - ==> Parameters: 1000(Long)
7365 [main] DEBUG o.seckill.dao.SeckillDao.queryById - <==      Total: 1
7374 [main] DEBUG org.mybatis.spring.SqlSessionUtils - Closing non transactional SqlSession [org.apache.ibatis.session.defaults.DefaultSqlSession@1a5b6f42]
7401 [main] DEBUG org.mybatis.spring.SqlSessionUtils - Creating a new SqlSession
7401 [main] DEBUG org.mybatis.spring.SqlSessionUtils - SqlSession [org.apache.ibatis.session.defaults.DefaultSqlSession@5f0fd5a0] was not registered for synchronization because synchronization is not active
7401 [main] DEBUG o.m.s.t.SpringManagedTransaction - JDBC Connection [com.mchange.v2.c3p0.impl.NewProxyConnection@4fa1c212] will not be managed by Spring
7402 [main] DEBUG o.s.d.S.queryByIdWithSeckill - ==>  Preparing: select sk.seckill_id, sk.user_phone, sk.create_time, sk.state, s.seckill_id "seckill.seckill_id", s.name "seckill.name", s.number "seckill.number", s.start_time "seckill.start_time", s.end_time "seckill.end_time", s.create_time "seckill.create_time" from success_killed sk inner join seckill s on sk.seckill_id = s.seckill_id where sk.seckill_id = ? and sk.user_phone = ? 
7402 [main] DEBUG o.s.d.S.queryByIdWithSeckill - ==> Parameters: 1000(Long), 15903669153(Long)
7419 [main] DEBUG o.s.d.S.queryByIdWithSeckill - <==      Total: 1
7420 [main] DEBUG org.mybatis.spring.SqlSessionUtils - Closing non transactional SqlSession [org.apache.ibatis.session.defaults.DefaultSqlSession@5f0fd5a0]
7422 [main] DEBUG org.mybatis.spring.SqlSessionUtils - Creating a new SqlSession
7422 [main] DEBUG org.mybatis.spring.SqlSessionUtils - SqlSession [org.apache.ibatis.session.defaults.DefaultSqlSession@463fd068] was not registered for synchronization because synchronization is not active
7423 [main] DEBUG o.m.s.t.SpringManagedTransaction - JDBC Connection [com.mchange.v2.c3p0.impl.NewProxyConnection@1b266842] will not be managed by Spring
7424 [main] DEBUG o.s.d.S.insertSuccessKilled - ==>  Preparing: insert ignore into success_killed (seckill_id, user_phone, state) values (?, ?, 0) 
7428 [main] DEBUG o.s.d.S.insertSuccessKilled - ==> Parameters: 1000(Long), 15903669153(Long)
7432 [main] DEBUG o.s.d.S.insertSuccessKilled - <==    Updates: 0
7432 [main] DEBUG org.mybatis.spring.SqlSessionUtils - Closing non transactional SqlSession [org.apache.ibatis.session.defaults.DefaultSqlSession@463fd068]
7841 [main] DEBUG org.apache.ibatis.io.ResolverUtil - Find JAR URL: file:/Users/wangdaniel/workspace4improve/seckill-github/seckill/target/classes/org/seckill/entity
7841 [main] DEBUG org.apache.ibatis.io.ResolverUtil - Not a JAR: file:/Users/wangdaniel/workspace4improve/seckill-github/seckill/target/classes/org/seckill/entity
7841 [main] DEBUG org.apache.ibatis.io.ResolverUtil - Reader entry: Seckill.class
7842 [main] DEBUG org.apache.ibatis.io.ResolverUtil - Reader entry: SuccessKilled.class
7842 [main] DEBUG org.apache.ibatis.io.ResolverUtil - Listing file:/Users/wangdaniel/workspace4improve/seckill-github/seckill/target/classes/org/seckill/entity
7842 [main] DEBUG org.apache.ibatis.io.ResolverUtil - Find JAR URL: file:/Users/wangdaniel/workspace4improve/seckill-github/seckill/target/classes/org/seckill/entity/Seckill.class
7842 [main] DEBUG org.apache.ibatis.io.ResolverUtil - Not a JAR: file:/Users/wangdaniel/workspace4improve/seckill-github/seckill/target/classes/org/seckill/entity/Seckill.class
7843 [main] DEBUG org.apache.ibatis.io.ResolverUtil - Reader entry: ����   3 [
7843 [main] DEBUG org.apache.ibatis.io.ResolverUtil - Find JAR URL: file:/Users/wangdaniel/workspace4improve/seckill-github/seckill/target/classes/org/seckill/entity/SuccessKilled.class
7843 [main] DEBUG org.apache.ibatis.io.ResolverUtil - Not a JAR: file:/Users/wangdaniel/workspace4improve/seckill-github/seckill/target/classes/org/seckill/entity/SuccessKilled.class
7844 [main] DEBUG org.apache.ibatis.io.ResolverUtil - Reader entry: ����   3 S
7844 [main] DEBUG org.apache.ibatis.io.ResolverUtil - Checking to see if class org.seckill.entity.Seckill matches criteria [is assignable to Object]
7844 [main] DEBUG org.apache.ibatis.io.ResolverUtil - Checking to see if class org.seckill.entity.SuccessKilled matches criteria [is assignable to Object]
7844 [main] DEBUG o.m.spring.SqlSessionFactoryBean - Scanned package: 'org.seckill.entity' for aliases
7849 [main] DEBUG o.m.spring.SqlSessionFactoryBean - Parsed configuration file: 'class path resource [mybatis-config.xml]'
7860 [main] DEBUG o.m.spring.SqlSessionFactoryBean - Parsed mapper file: 'file [/Users/wangdaniel/workspace4improve/seckill-github/seckill/target/classes/mapper/seckillDao.xml]'
7867 [main] DEBUG o.m.spring.SqlSessionFactoryBean - Parsed mapper file: 'file [/Users/wangdaniel/workspace4improve/seckill-github/seckill/target/classes/mapper/SuccessKilledDao.xml]'
7949 [main] INFO  o.s.service.impl.SeckillServiceImpl - sec kill list start
7950 [main] DEBUG org.mybatis.spring.SqlSessionUtils - Creating a new SqlSession
7950 [main] DEBUG org.mybatis.spring.SqlSessionUtils - SqlSession [org.apache.ibatis.session.defaults.DefaultSqlSession@27216cd] was not registered for synchronization because synchronization is not active
7991 [main] DEBUG o.m.s.t.SpringManagedTransaction - JDBC Connection [com.mchange.v2.c3p0.impl.NewProxyConnection@5f354bcf] will not be managed by Spring
7992 [main] DEBUG org.seckill.dao.SeckillDao.queryAll - ==>  Preparing: select seckill_id, `name`, `number`, create_time, start_time, end_time from seckill order by create_time desc limit ?, ? 
7993 [main] DEBUG org.seckill.dao.SeckillDao.queryAll - ==> Parameters: 0(Integer), 4(Integer)
8007 [main] DEBUG org.seckill.dao.SeckillDao.queryAll - <==      Total: 4
8008 [main] DEBUG org.mybatis.spring.SqlSessionUtils - Closing non transactional SqlSession [org.apache.ibatis.session.defaults.DefaultSqlSession@27216cd]
8008 [main] INFO  o.s.service.impl.SeckillServiceImpl - sec kill list end: 
8013 [main] INFO  o.s.test.service.SeckillServiceTest - list = [SecKill [seckillId=1000, name=1000元秒杀iphone6, number=98, startTime=Thu Jan 12 00:00:00 CST 2017, endTime=Thu Aug 10 00:00:00 CST 2017, createTime=Mon Jun 06 20:51:15 CST 2016], SecKill [seckillId=1001, name=1000元秒杀ipad2, number=199, startTime=Thu Jan 12 00:00:00 CST 2017, endTime=Thu Aug 10 00:00:00 CST 2017, createTime=Mon Jun 06 20:51:15 CST 2016], SecKill [seckillId=1002, name=1000元秒杀note4, number=149, startTime=Thu Jan 12 00:00:00 CST 2017, endTime=Thu Aug 10 00:00:00 CST 2017, createTime=Mon Jun 06 20:51:15 CST 2016], SecKill [seckillId=1003, name=1000元秒杀macpro, number=100, startTime=Thu Jan 12 00:00:00 CST 2017, endTime=Tue Jan 03 00:00:00 CST 2017, createTime=Mon Jun 06 20:51:15 CST 2016]]
11932 [main] DEBUG o.apache.ibatis.logging.LogFactory - Logging initialized using 'class org.apache.ibatis.logging.slf4j.Slf4jImpl' adapter.
12050 [main] DEBUG org.apache.ibatis.io.ResolverUtil - Class not found: org.jboss.vfs.VFS
12051 [main] DEBUG org.apache.ibatis.io.ResolverUtil - JBoss 6 VFS API is not available in this environment.
12052 [main] DEBUG org.apache.ibatis.io.ResolverUtil - Class not found: org.jboss.vfs.VirtualFile
12053 [main] DEBUG org.apache.ibatis.io.ResolverUtil - VFS implementation org.apache.ibatis.io.JBoss6VFS is not valid in this environment.
12055 [main] DEBUG org.apache.ibatis.io.ResolverUtil - Using VFS adapter org.apache.ibatis.io.DefaultVFS
12055 [main] DEBUG org.apache.ibatis.io.ResolverUtil - Find JAR URL: file:/Users/wangdaniel/workspace4improve/seckill-github/seckill/target/classes/org/seckill/entity
12056 [main] DEBUG org.apache.ibatis.io.ResolverUtil - Not a JAR: file:/Users/wangdaniel/workspace4improve/seckill-github/seckill/target/classes/org/seckill/entity
12135 [main] DEBUG org.apache.ibatis.io.ResolverUtil - Reader entry: Seckill.class
12136 [main] DEBUG org.apache.ibatis.io.ResolverUtil - Reader entry: SuccessKilled.class
12136 [main] DEBUG org.apache.ibatis.io.ResolverUtil - Listing file:/Users/wangdaniel/workspace4improve/seckill-github/seckill/target/classes/org/seckill/entity
12136 [main] DEBUG org.apache.ibatis.io.ResolverUtil - Find JAR URL: file:/Users/wangdaniel/workspace4improve/seckill-github/seckill/target/classes/org/seckill/entity/Seckill.class
12136 [main] DEBUG org.apache.ibatis.io.ResolverUtil - Not a JAR: file:/Users/wangdaniel/workspace4improve/seckill-github/seckill/target/classes/org/seckill/entity/Seckill.class
12139 [main] DEBUG org.apache.ibatis.io.ResolverUtil - Reader entry: ����   3 [
12140 [main] DEBUG org.apache.ibatis.io.ResolverUtil - Find JAR URL: file:/Users/wangdaniel/workspace4improve/seckill-github/seckill/target/classes/org/seckill/entity/SuccessKilled.class
12140 [main] DEBUG org.apache.ibatis.io.ResolverUtil - Not a JAR: file:/Users/wangdaniel/workspace4improve/seckill-github/seckill/target/classes/org/seckill/entity/SuccessKilled.class
12143 [main] DEBUG org.apache.ibatis.io.ResolverUtil - Reader entry: ����   3 S
12144 [main] DEBUG org.apache.ibatis.io.ResolverUtil - Checking to see if class org.seckill.entity.Seckill matches criteria [is assignable to Object]
12144 [main] DEBUG org.apache.ibatis.io.ResolverUtil - Checking to see if class org.seckill.entity.SuccessKilled matches criteria [is assignable to Object]
12145 [main] DEBUG o.m.spring.SqlSessionFactoryBean - Scanned package: 'org.seckill.entity' for aliases
12194 [main] DEBUG o.m.spring.SqlSessionFactoryBean - Parsed configuration file: 'class path resource [mybatis-config.xml]'
12274 [main] DEBUG o.m.spring.SqlSessionFactoryBean - Parsed mapper file: 'file [/Users/wangdaniel/workspace4improve/seckill-github/seckill/target/classes/mapper/seckillDao.xml]'
12286 [main] DEBUG o.m.spring.SqlSessionFactoryBean - Parsed mapper file: 'file [/Users/wangdaniel/workspace4improve/seckill-github/seckill/target/classes/mapper/SuccessKilledDao.xml]'
12431 [main] INFO  o.s.service.impl.SeckillServiceImpl - sec kill list start
12446 [main] DEBUG org.mybatis.spring.SqlSessionUtils - Creating a new SqlSession
12457 [main] DEBUG org.mybatis.spring.SqlSessionUtils - SqlSession [org.apache.ibatis.session.defaults.DefaultSqlSession@1adb7478] was not registered for synchronization because synchronization is not active
13024 [main] DEBUG o.m.s.t.SpringManagedTransaction - JDBC Connection [com.mchange.v2.c3p0.impl.NewProxyConnection@111610e6] will not be managed by Spring
13032 [main] DEBUG org.seckill.dao.SeckillDao.queryAll - ==>  Preparing: select seckill_id, `name`, `number`, create_time, start_time, end_time from seckill order by create_time desc limit ?, ? 
13086 [main] DEBUG org.seckill.dao.SeckillDao.queryAll - ==> Parameters: 0(Integer), 4(Integer)
13119 [main] DEBUG org.seckill.dao.SeckillDao.queryAll - <==      Total: 4
13126 [main] DEBUG org.mybatis.spring.SqlSessionUtils - Closing non transactional SqlSession [org.apache.ibatis.session.defaults.DefaultSqlSession@1adb7478]
13127 [main] INFO  o.s.service.impl.SeckillServiceImpl - sec kill list end: 
13128 [main] INFO  o.s.test.service.SeckillServiceTest - list = [SecKill [seckillId=1000, name=1000元秒杀iphone6, number=98, startTime=Thu Jan 12 00:00:00 CST 2017, endTime=Thu Aug 10 00:00:00 CST 2017, createTime=Mon Jun 06 20:51:15 CST 2016], SecKill [seckillId=1001, name=1000元秒杀ipad2, number=199, startTime=Thu Jan 12 00:00:00 CST 2017, endTime=Thu Aug 10 00:00:00 CST 2017, createTime=Mon Jun 06 20:51:15 CST 2016], SecKill [seckillId=1002, name=1000元秒杀note4, number=149, startTime=Thu Jan 12 00:00:00 CST 2017, endTime=Thu Aug 10 00:00:00 CST 2017, createTime=Mon Jun 06 20:51:15 CST 2016], SecKill [seckillId=1003, name=1000元秒杀macpro, number=100, startTime=Thu Jan 12 00:00:00 CST 2017, endTime=Tue Jan 03 00:00:00 CST 2017, createTime=Mon Jun 06 20:51:15 CST 2016]]
12849 [main] DEBUG o.apache.ibatis.logging.LogFactory - Logging initialized using 'class org.apache.ibatis.logging.slf4j.Slf4jImpl' adapter.
13118 [main] DEBUG org.apache.ibatis.io.ResolverUtil - Class not found: org.jboss.vfs.VFS
13119 [main] DEBUG org.apache.ibatis.io.ResolverUtil - JBoss 6 VFS API is not available in this environment.
13120 [main] DEBUG org.apache.ibatis.io.ResolverUtil - Class not found: org.jboss.vfs.VirtualFile
13120 [main] DEBUG org.apache.ibatis.io.ResolverUtil - VFS implementation org.apache.ibatis.io.JBoss6VFS is not valid in this environment.
13121 [main] DEBUG org.apache.ibatis.io.ResolverUtil - Using VFS adapter org.apache.ibatis.io.DefaultVFS
13121 [main] DEBUG org.apache.ibatis.io.ResolverUtil - Find JAR URL: file:/Users/wangdaniel/workspace4improve/seckill-github/seckill/target/classes/org/seckill/entity
13122 [main] DEBUG org.apache.ibatis.io.ResolverUtil - Not a JAR: file:/Users/wangdaniel/workspace4improve/seckill-github/seckill/target/classes/org/seckill/entity
13184 [main] DEBUG org.apache.ibatis.io.ResolverUtil - Reader entry: Seckill.class
13185 [main] DEBUG org.apache.ibatis.io.ResolverUtil - Reader entry: SuccessKilled.class
13185 [main] DEBUG org.apache.ibatis.io.ResolverUtil - Listing file:/Users/wangdaniel/workspace4improve/seckill-github/seckill/target/classes/org/seckill/entity
13185 [main] DEBUG org.apache.ibatis.io.ResolverUtil - Find JAR URL: file:/Users/wangdaniel/workspace4improve/seckill-github/seckill/target/classes/org/seckill/entity/Seckill.class
13186 [main] DEBUG org.apache.ibatis.io.ResolverUtil - Not a JAR: file:/Users/wangdaniel/workspace4improve/seckill-github/seckill/target/classes/org/seckill/entity/Seckill.class
13189 [main] DEBUG org.apache.ibatis.io.ResolverUtil - Reader entry: ����   3 [
13191 [main] DEBUG org.apache.ibatis.io.ResolverUtil - Find JAR URL: file:/Users/wangdaniel/workspace4improve/seckill-github/seckill/target/classes/org/seckill/entity/SuccessKilled.class
13191 [main] DEBUG org.apache.ibatis.io.ResolverUtil - Not a JAR: file:/Users/wangdaniel/workspace4improve/seckill-github/seckill/target/classes/org/seckill/entity/SuccessKilled.class
13194 [main] DEBUG org.apache.ibatis.io.ResolverUtil - Reader entry: ����   3 S
13194 [main] DEBUG org.apache.ibatis.io.ResolverUtil - Checking to see if class org.seckill.entity.Seckill matches criteria [is assignable to Object]
13195 [main] DEBUG org.apache.ibatis.io.ResolverUtil - Checking to see if class org.seckill.entity.SuccessKilled matches criteria [is assignable to Object]
13197 [main] DEBUG o.m.spring.SqlSessionFactoryBean - Scanned package: 'org.seckill.entity' for aliases
13286 [main] DEBUG o.m.spring.SqlSessionFactoryBean - Parsed configuration file: 'class path resource [mybatis-config.xml]'
13487 [main] DEBUG o.m.spring.SqlSessionFactoryBean - Parsed mapper file: 'file [/Users/wangdaniel/workspace4improve/seckill-github/seckill/target/classes/mapper/seckillDao.xml]'
13502 [main] DEBUG o.m.spring.SqlSessionFactoryBean - Parsed mapper file: 'file [/Users/wangdaniel/workspace4improve/seckill-github/seckill/target/classes/mapper/SuccessKilledDao.xml]'
13709 [main] INFO  o.s.service.impl.SeckillServiceImpl - sec kill list start
13734 [main] DEBUG org.mybatis.spring.SqlSessionUtils - Creating a new SqlSession
13754 [main] DEBUG org.mybatis.spring.SqlSessionUtils - SqlSession [org.apache.ibatis.session.defaults.DefaultSqlSession@1adb7478] was not registered for synchronization because synchronization is not active
14576 [main] DEBUG o.m.s.t.SpringManagedTransaction - JDBC Connection [com.mchange.v2.c3p0.impl.NewProxyConnection@111610e6] will not be managed by Spring
14586 [main] DEBUG org.seckill.dao.SeckillDao.queryAll - ==>  Preparing: select seckill_id, `name`, `number`, create_time, start_time, end_time from seckill order by create_time desc limit ?, ? 
14638 [main] DEBUG org.seckill.dao.SeckillDao.queryAll - ==> Parameters: 0(Integer), 4(Integer)
14671 [main] DEBUG org.seckill.dao.SeckillDao.queryAll - <==      Total: 4
14681 [main] DEBUG org.mybatis.spring.SqlSessionUtils - Closing non transactional SqlSession [org.apache.ibatis.session.defaults.DefaultSqlSession@1adb7478]
14688 [main] INFO  o.s.service.impl.SeckillServiceImpl - sec kill list end: 
14693 [main] INFO  o.s.test.service.SeckillServiceTest - list = [SecKill [seckillId=1000, name=1000元秒杀iphone6, number=98, startTime=Thu Jan 12 00:00:00 CST 2017, endTime=Thu Aug 10 00:00:00 CST 2017, createTime=Mon Jun 06 20:51:15 CST 2016], SecKill [seckillId=1001, name=1000元秒杀ipad2, number=199, startTime=Thu Jan 12 00:00:00 CST 2017, endTime=Thu Aug 10 00:00:00 CST 2017, createTime=Mon Jun 06 20:51:15 CST 2016], SecKill [seckillId=1002, name=1000元秒杀note4, number=149, startTime=Thu Jan 12 00:00:00 CST 2017, endTime=Thu Aug 10 00:00:00 CST 2017, createTime=Mon Jun 06 20:51:15 CST 2016], SecKill [seckillId=1003, name=1000元秒杀macpro, number=100, startTime=Thu Jan 12 00:00:00 CST 2017, endTime=Tue Jan 03 00:00:00 CST 2017, createTime=Mon Jun 06 20:51:15 CST 2016]]
